// Jest Snapshot v1, https://goo.gl/fbAQLP

exports[`<Toolbar /> should match snapshot 1`] = `
<div
  className="toolbar"
  data-testid="toolbar"
>
  <div
    className="toolbar__row"
  >
    <input
      className="button button--primary"
      data-testid="row-add"
      onClick={[Function]}
      type="button"
      value="Add Row"
    />
    <input
      className="button button--primary"
      data-testid="row-remove"
      onClick={[Function]}
      type="button"
      value="Remove Row"
    />
    <input
      className="input-number"
      data-testid="row-input"
      max={0}
      min="1"
      onChange={[Function]}
      type="number"
      value={1}
    />
  </div>
  <div
    className="toolbar__row"
  >
    <input
      className="button button--primary"
      data-testid="column-add"
      onClick={[Function]}
      type="button"
      value="Add Column"
    />
    <input
      className="button button--primary"
      data-testid="column-remove"
      onClick={[Function]}
      type="button"
      value="Remove Column"
    />
    <input
      className="input-number"
      data-testid="column-input"
      max={1}
      min="1"
      onChange={[Function]}
      type="number"
      value={1}
    />
  </div>
</div>
`;
